<html>
<body>
<pre>
<h1>µVision Build Log</h1>
<h2>Project:</h2>
C:\Keil\Labware\Lab8_SwitchLEDinterface\Lab8.uvproj
Project File Date:  07/16/2021

<h2>Output:</h2>
Build target 'Lab8'
compiling SwitchLEDInterface.c...
linking...
Program Size: Code=4104 RO-data=6628 RW-data=60 ZI-data=1756  
".\Lab8.axf" - 0 Error(s), 0 Warning(s).
</pre>
</body>
</html>
Program Size: Code=4028 RO-data=6628 RW-data=56 ZI-data=1752  
".\Lab8.axf" - 0 Error(s), 1 Warning(s).
Error(s), 1 Warning(s).
